15:16:13 **** Incremental Build of configuration Debug for project 01_uart_tx ****
make -j12 all 
arm-none-eabi-gcc "../Core/Src/main.c" -mcpu=cortex-m4 -std=gnu11 -g3 -DDEBUG -DUSE_HAL_DRIVER -DSTM32F411xE -c -I../Core/Inc -I../Drivers/STM32F4xx_HAL_Driver/Inc -I../Drivers/STM32F4xx_HAL_Driver/Inc/Legacy -I../Drivers/CMSIS/Device/ST/STM32F4xx/Include -I../Drivers/CMSIS/Include -O0 -ffunction-sections -fdata-sections -Wall -fstack-usage -fcyclomatic-complexity -MMD -MP -MF"Core/Src/main.d" -MT"Core/Src/main.o" --specs=nano.specs -mfpu=fpv4-sp-d16 -mfloat-abi=hard -mthumb -o "Core/Src/main.o"
arm-none-eabi-gcc -o "01_uart_tx.elf" @"objects.list"   -mcpu=cortex-m4 -T"/home/sanketh/STM32CubeIDE/workspace_1.12.0/01_uart_tx/STM32F411RETX_FLASH.ld" --specs=nosys.specs -Wl,-Map="01_uart_tx.map" -Wl,--gc-sections -static --specs=nano.specs -mfpu=fpv4-sp-d16 -mfloat-abi=hard -mthumb -Wl,--start-group -lc -lm -Wl,--end-group
Finished building target: 01_uart_tx.elf
 
arm-none-eabi-size   01_uart_tx.elf 
arm-none-eabi-objdump -h -S  01_uart_tx.elf  > "01_uart_tx.list"
   text	   data	    bss	    dec	    hex	filename
   1140	     12	   1572	   2724	    aa4	01_uart_tx.elf
Finished building: default.size.stdout
 
Finished building: 01_uart_tx.list
 

15:16:14 Build Finished. 0 errors, 0 warnings. (took 772ms)

