12:41:35 **** Incremental Build of configuration Debug for project 04_ledBlink_multiFiles ****
make -j12 all 
arm-none-eabi-gcc "../Src/main.c" -mcpu=cortex-m4 -std=gnu11 -g3 -DDEBUG -DNUCLEO_F411RE -DSTM32 -DSTM32F4 -DSTM32F411RETx -c -I../Inc -O0 -ffunction-sections -fdata-sections -Wall -fstack-usage -fcyclomatic-complexity -MMD -MP -MF"Src/main.d" -MT"Src/main.o" --specs=nano.specs -mfpu=fpv4-sp-d16 -mfloat-abi=hard -mthumb -o "Src/main.o"
arm-none-eabi-gcc -o "04_ledBlink_multiFiles.elf" @"objects.list"   -mcpu=cortex-m4 -T"/home/sanketh/STM32CubeIDE/workspace_1.12.0/04_ledBlink_multiFiles/STM32F411RETX_FLASH.ld" --specs=nosys.specs -Wl,-Map="04_ledBlink_multiFiles.map" -Wl,--gc-sections -static --specs=nano.specs -mfpu=fpv4-sp-d16 -mfloat-abi=hard -mthumb -Wl,--start-group -lc -lm -Wl,--end-group
Finished building target: 04_ledBlink_multiFiles.elf
 
arm-none-eabi-size   04_ledBlink_multiFiles.elf 
arm-none-eabi-objdump -h -S  04_ledBlink_multiFiles.elf  > "04_ledBlink_multiFiles.list"
   text	   data	    bss	    dec	    hex	filename
    808	      8	   1568	   2384	    950	04_ledBlink_multiFiles.elf
Finished building: default.size.stdout
 
Finished building: 04_ledBlink_multiFiles.list
 

12:41:35 Build Finished. 0 errors, 0 warnings. (took 672ms)

