16:54:47 **** Incremental Build of configuration Debug for project 24_ADC_BUILTIN_TEMPRATURE_SENSOR ****
make -j12 all 
arm-none-eabi-gcc "../Core/Src/main.c" -mcpu=cortex-m4 -std=gnu11 -g3 -DDEBUG -DUSE_HAL_DRIVER -DSTM32F411xE -c -I../Core/Inc -I../Drivers/STM32F4xx_HAL_Driver/Inc -I../Drivers/STM32F4xx_HAL_Driver/Inc/Legacy -I../Drivers/CMSIS/Device/ST/STM32F4xx/Include -I../Drivers/CMSIS/Include -O0 -ffunction-sections -fdata-sections -Wall -fstack-usage -fcyclomatic-complexity -MMD -MP -MF"Core/Src/main.d" -MT"Core/Src/main.o" --specs=nano.specs -mfpu=fpv4-sp-d16 -mfloat-abi=hard -mthumb -o "Core/Src/main.o"
arm-none-eabi-gcc -o "24_ADC_BUILTIN_TEMPRATURE_SENSOR.elf" @"objects.list"   -mcpu=cortex-m4 -T"/home/sanketh/data/LinuxTraining/STM32CubeIDE/workspace_1.12.0/24_ADC_BUILTIN_TEMPRATURE_SENSOR/STM32F411RETX_FLASH.ld" --specs=nosys.specs -Wl,-Map="24_ADC_BUILTIN_TEMPRATURE_SENSOR.map" -Wl,--gc-sections -static --specs=nano.specs -mfpu=fpv4-sp-d16 -mfloat-abi=hard -mthumb -Wl,--start-group -lc -lm -Wl,--end-group
Finished building target: 24_ADC_BUILTIN_TEMPRATURE_SENSOR.elf
 
arm-none-eabi-size   24_ADC_BUILTIN_TEMPRATURE_SENSOR.elf 
arm-none-eabi-objdump -h -S  24_ADC_BUILTIN_TEMPRATURE_SENSOR.elf  > "24_ADC_BUILTIN_TEMPRATURE_SENSOR.list"
   text	   data	    bss	    dec	    hex	filename
   3116	     12	   1592	   4720	   1270	24_ADC_BUILTIN_TEMPRATURE_SENSOR.elf
Finished building: default.size.stdout
 
Finished building: 24_ADC_BUILTIN_TEMPRATURE_SENSOR.list
 

16:54:48 Build Finished. 0 errors, 0 warnings. (took 779ms)

