15:28:08 **** Incremental Build of configuration Debug for project Empty_project ****
make -j12 all 
arm-none-eabi-gcc "../Src/main.c" -mcpu=cortex-m4 -std=gnu11 -g3 -DDEBUG -DNUCLEO_F411RE -DSTM32 -DSTM32F4 -DSTM32F411RETx -c -I../Inc -O0 -ffunction-sections -fdata-sections -Wall -fstack-usage -fcyclomatic-complexity -MMD -MP -MF"Src/main.d" -MT"Src/main.o" --specs=nano.specs -mfpu=fpv4-sp-d16 -mfloat-abi=hard -mthumb -o "Src/main.o"
arm-none-eabi-gcc -o "Empty_project.elf" @"objects.list"   -mcpu=cortex-m4 -T"/home/sanketh/STM32CubeIDE/workspace_1.12.0/Empty_project/STM32F411RETX_FLASH.ld" --specs=nosys.specs -Wl,-Map="Empty_project.map" -Wl,--gc-sections -static --specs=nano.specs -mfpu=fpv4-sp-d16 -mfloat-abi=hard -mthumb -Wl,--start-group -lc -lm -Wl,--end-group
Finished building target: Empty_project.elf
 
arm-none-eabi-size   Empty_project.elf 
arm-none-eabi-objdump -h -S  Empty_project.elf  > "Empty_project.list"
   text	   data	    bss	    dec	    hex	filename
    744	      8	   1568	   2320	    910	Empty_project.elf
Finished building: default.size.stdout
 
Finished building: Empty_project.list
 

15:28:08 Build Finished. 0 errors, 0 warnings. (took 672ms)

